{
    "raxmlng - stub": {
        "content": [
            {
                "0": [
                    "output.raxml.bestTree:md5,d41d8cd98f00b204e9800998ecf8427e"
                ],
                "1": [
                    
                ],
                "2": [
                    "versions.yml:md5,e5a855c4c9bcde2084ec9e34861379f0"
                ],
                "phylogeny": [
                    "output.raxml.bestTree:md5,d41d8cd98f00b204e9800998ecf8427e"
                ],
                "phylogeny_bootstrapped": [
                    
                ],
                "versions": [
                    "versions.yml:md5,e5a855c4c9bcde2084ec9e34861379f0"
                ]
            }
        ],
        "meta": {
            "nf-test": "0.9.2",
            "nextflow": "24.10.5"
        },
        "timestamp": "2025-03-26T15:15:19.072445918"
    },
    "versions": {
        "content": [
            [
                "versions.yml:md5,e5a855c4c9bcde2084ec9e34861379f0"
            ]
        ],
        "meta": {
            "nf-test": "0.9.2",
            "nextflow": "24.10.5"
        },
        "timestamp": "2025-03-26T15:16:12.473313201"
    }
}